Automated activity tracked on Tue Feb 24 13:57:52 UTC 2026
Automated activity tracked on Tue Feb 24 13:59:30 UTC 2026
Automated activity tracked on Wed Feb 25 09:13:35 UTC 2026
Automated activity tracked on Thu Feb 26 09:10:45 UTC 2026
Automated activity tracked on Fri Feb 27 09:06:13 UTC 2026
Automated activity tracked on Sat Feb 28 08:51:06 UTC 2026
Automated activity tracked on Sun Mar  1 08:53:47 UTC 2026
Automated activity tracked on Mon Mar  2 09:06:33 UTC 2026
Automated activity tracked on Tue Mar  3 09:06:27 UTC 2026
Automated activity tracked on Wed Mar  4 09:03:30 UTC 2026
Automated activity tracked on Thu Mar  5 09:06:18 UTC 2026
Automated activity tracked on Fri Mar  6 09:02:07 UTC 2026
Automated activity tracked on Sat Mar  7 08:53:48 UTC 2026
Automated activity tracked on Sun Mar  8 08:54:21 UTC 2026
Automated activity tracked on Mon Mar  9 09:06:34 UTC 2026
Automated activity tracked on Tue Mar 10 09:07:33 UTC 2026
Automated activity tracked on Wed Mar 11 09:06:05 UTC 2026
Automated activity tracked on Thu Mar 12 09:07:39 UTC 2026
Automated activity tracked on Fri Mar 13 09:04:54 UTC 2026
Automated activity tracked on Sat Mar 14 08:58:45 UTC 2026
Automated activity tracked on Sun Mar 15 09:00:40 UTC 2026
Automated activity tracked on Mon Mar 16 09:38:52 UTC 2026
Automated activity tracked on Tue Mar 17 09:13:42 UTC 2026
Automated activity tracked on Wed Mar 18 09:12:41 UTC 2026
Automated activity tracked on Thu Mar 19 09:08:05 UTC 2026
Automated activity tracked on Fri Mar 20 09:04:47 UTC 2026
Automated activity tracked on Sat Mar 21 08:56:24 UTC 2026
Automated activity tracked on Sun Mar 22 08:57:50 UTC 2026
Automated activity tracked on Mon Mar 23 09:36:00 UTC 2026
Automated activity tracked on Tue Mar 24 09:27:22 UTC 2026
Automated activity tracked on Wed Mar 25 09:14:17 UTC 2026
Automated activity tracked on Thu Mar 26 09:32:43 UTC 2026
Automated activity tracked on Fri Mar 27 09:12:47 UTC 2026
Automated activity tracked on Sat Mar 28 09:03:28 UTC 2026
Automated activity tracked on Sun Mar 29 09:03:59 UTC 2026
Automated activity tracked on Mon Mar 30 09:54:14 UTC 2026
Automated activity tracked on Tue Mar 31 09:38:40 UTC 2026
Automated activity tracked on Wed Apr  1 09:44:03 UTC 2026
Automated activity tracked on Thu Apr  2 09:33:59 UTC 2026
Automated activity tracked on Fri Apr  3 09:27:42 UTC 2026
Automated activity tracked on Sat Apr  4 09:04:31 UTC 2026
Automated activity tracked on Sun Apr  5 09:06:14 UTC 2026
Automated activity tracked on Mon Apr  6 09:47:02 UTC 2026
Automated activity tracked on Tue Apr  7 09:42:39 UTC 2026
Automated activity tracked on Wed Apr  8 09:42:49 UTC 2026
Automated activity tracked on Thu Apr  9 09:47:16 UTC 2026
Automated activity tracked on Fri Apr 10 09:45:37 UTC 2026
Automated activity tracked on Sat Apr 11 09:06:33 UTC 2026
Automated activity tracked on Sun Apr 12 09:10:53 UTC 2026
Automated activity tracked on Mon Apr 13 10:11:59 UTC 2026
Automated activity tracked on Tue Apr 14 09:54:33 UTC 2026
Automated activity tracked on Wed Apr 15 09:55:26 UTC 2026
Automated activity tracked on Thu Apr 16 09:54:41 UTC 2026
Automated activity tracked on Fri Apr 17 09:52:51 UTC 2026
Automated activity tracked on Sat Apr 18 09:10:53 UTC 2026
Automated activity tracked on Sun Apr 19 09:12:08 UTC 2026
Automated activity tracked on Mon Apr 20 10:14:13 UTC 2026
Automated activity tracked on Tue Apr 21 09:57:32 UTC 2026
Automated activity tracked on Wed Apr 22 09:58:46 UTC 2026
Automated activity tracked on Thu Apr 23 10:03:56 UTC 2026
Automated activity tracked on Fri Apr 24 10:02:02 UTC 2026
Automated activity tracked on Sat Apr 25 09:27:08 UTC 2026
Automated activity tracked on Sun Apr 26 09:29:50 UTC 2026
Automated activity tracked on Mon Apr 27 10:29:58 UTC 2026
Automated activity tracked on Tue Apr 28 10:30:39 UTC 2026
Automated activity tracked on Wed Apr 29 10:23:10 UTC 2026
Automated activity tracked on Thu Apr 30 10:23:37 UTC 2026
Automated activity tracked on Fri May  1 10:03:48 UTC 2026
Automated activity tracked on Sat May  2 09:39:40 UTC 2026
Automated activity tracked on Sun May  3 09:45:55 UTC 2026
Automated activity tracked on Mon May  4 10:31:01 UTC 2026
Automated activity tracked on Tue May  5 10:16:44 UTC 2026
Automated activity tracked on Wed May  6 10:32:17 UTC 2026
Automated activity tracked on Thu May  7 10:39:23 UTC 2026
Automated activity tracked on Fri May  8 10:01:28 UTC 2026
Automated activity tracked on Sat May  9 09:51:11 UTC 2026
Automated activity tracked on Sun May 10 09:52:10 UTC 2026
Automated activity tracked on Mon May 11 11:40:42 UTC 2026
Automated activity tracked on Tue May 12 10:56:38 UTC 2026
Automated activity tracked on Wed May 13 11:04:46 UTC 2026
Automated activity tracked on Thu May 14 10:41:34 UTC 2026
Automated activity tracked on Fri May 15 10:56:26 UTC 2026
Automated activity tracked on Sat May 16 09:54:49 UTC 2026
Automated activity tracked on Sun May 17 10:06:50 UTC 2026
Automated activity tracked on Mon May 18 11:58:15 UTC 2026
Automated activity tracked on Tue May 19 11:38:15 UTC 2026
Automated activity tracked on Wed May 20 11:25:22 UTC 2026
Automated activity tracked on Thu May 21 11:44:03 UTC 2026
Automated activity tracked on Fri May 22 11:22:30 UTC 2026
Automated activity tracked on Sat May 23 10:11:03 UTC 2026
Automated activity tracked on Sun May 24 10:17:47 UTC 2026
Automated activity tracked on Mon May 25 12:03:06 UTC 2026
Automated activity tracked on Thu May 28 11:55:28 UTC 2026
Automated activity tracked on Fri May 29 11:44:34 UTC 2026
Automated activity tracked on Sat May 30 10:22:20 UTC 2026
Automated activity tracked on Sun May 31 10:29:01 UTC 2026
Automated activity tracked on Mon Jun  1 14:31:22 UTC 2026
Automated activity tracked on Tue Jun  2 12:24:01 UTC 2026
Automated activity tracked on Wed Jun  3 12:53:36 UTC 2026
Automated activity tracked on Thu Jun  4 11:28:47 UTC 2026
Automated activity tracked on Fri Jun  5 11:40:53 UTC 2026
Automated activity tracked on Sat Jun  6 10:29:04 UTC 2026
Automated activity tracked on Sun Jun  7 10:39:47 UTC 2026
Automated activity tracked on Mon Jun  8 12:44:36 UTC 2026
Automated activity tracked on Tue Jun  9 11:37:14 UTC 2026
Automated activity tracked on Wed Jun 10 11:51:32 UTC 2026
Automated activity tracked on Thu Jun 11 12:25:57 UTC 2026
Automated activity tracked on Fri Jun 12 11:58:09 UTC 2026
Automated activity tracked on Sat Jun 13 10:56:01 UTC 2026
Automated activity tracked on Sun Jun 14 11:11:45 UTC 2026
Automated activity tracked on Mon Jun 15 14:41:20 UTC 2026
Automated activity tracked on Tue Jun 16 13:10:18 UTC 2026
Automated activity tracked on Wed Jun 17 12:34:21 UTC 2026
Automated activity tracked on Thu Jun 18 12:00:38 UTC 2026
Automated activity tracked on Fri Jun 19 12:29:59 UTC 2026
Automated activity tracked on Sat Jun 20 10:55:57 UTC 2026
Automated activity tracked on Sun Jun 21 11:28:23 UTC 2026
Automated activity tracked on Mon Jun 22 14:10:55 UTC 2026
Automated activity tracked on Tue Jun 23 11:37:50 UTC 2026
Automated activity tracked on Wed Jun 24 11:21:27 UTC 2026
Automated activity tracked on Thu Jun 25 11:13:24 UTC 2026
Automated activity tracked on Fri Jun 26 11:21:19 UTC 2026
Automated activity tracked on Sat Jun 27 10:31:18 UTC 2026
Automated activity tracked on Sun Jun 28 10:38:40 UTC 2026
Automated activity tracked on Mon Jun 29 12:45:06 UTC 2026
Automated activity tracked on Tue Jun 30 11:25:57 UTC 2026
Automated activity tracked on Wed Jul  1 11:37:09 UTC 2026
Automated activity tracked on Thu Jul  2 11:05:14 UTC 2026
Automated activity tracked on Fri Jul  3 11:07:09 UTC 2026
Automated activity tracked on Sat Jul  4 10:31:24 UTC 2026
Automated activity tracked on Sun Jul  5 10:36:08 UTC 2026
Automated activity tracked on Mon Jul  6 12:22:29 UTC 2026
Automated activity tracked on Tue Jul  7 11:23:02 UTC 2026
Automated activity tracked on Wed Jul  8 10:34:18 UTC 2026
Automated activity tracked on Thu Jul  9 11:24:32 UTC 2026
Automated activity tracked on Fri Jul 10 11:23:40 UTC 2026
Automated activity tracked on Sat Jul 11 09:56:26 UTC 2026
Automated activity tracked on Sun Jul 12 10:06:04 UTC 2026
Automated activity tracked on Mon Jul 13 11:37:00 UTC 2026
Automated activity tracked on Tue Jul 14 10:14:55 UTC 2026
Automated activity tracked on Wed Jul 15 10:18:47 UTC 2026
Automated activity tracked on Thu Jul 16 10:24:45 UTC 2026
Automated activity tracked on Fri Jul 17 10:16:19 UTC 2026
Automated activity tracked on Sat Jul 18 09:54:18 UTC 2026
Automated activity tracked on Sun Jul 19 10:05:40 UTC 2026
Automated activity tracked on Mon Jul 20 11:20:39 UTC 2026
Automated activity tracked on Tue Jul 21 10:37:18 UTC 2026
Automated activity tracked on Wed Jul 22 10:37:07 UTC 2026
Automated activity tracked on Thu Jul 23 10:38:11 UTC 2026
Automated activity tracked on Fri Jul 24 10:32:21 UTC 2026
Automated activity tracked on Sat Jul 25 10:06:38 UTC 2026
Automated activity tracked on Sun Jul 26 10:17:08 UTC 2026
Automated activity tracked on Mon Jul 27 11:49:05 UTC 2026
Automated activity tracked on Tue Jul 28 10:56:31 UTC 2026
Automated activity tracked on Wed Jul 29 11:01:19 UTC 2026
Automated activity tracked on Thu Jul 30 10:36:51 UTC 2026
Automated activity tracked on Fri Jul 31 11:04:32 UTC 2026
Automated activity tracked on Sat Aug  1 10:15:23 UTC 2026
Automated activity tracked on Sun Aug  2 10:13:25 UTC 2026
Automated activity tracked on Mon Aug  3 11:55:09 UTC 2026
Automated activity tracked on Tue Aug  4 11:02:05 UTC 2026
Automated activity tracked on Wed Aug  5 10:58:47 UTC 2026
Automated activity tracked on Thu Aug  6 10:59:25 UTC 2026
Automated activity tracked on Fri Aug  7 09:30:01 UTC 2026
Automated activity tracked on Sat Aug  8 09:09:14 UTC 2026
Automated activity tracked on Sun Aug  9 09:09:59 UTC 2026
Automated activity tracked on Mon Aug 10 09:56:05 UTC 2026
Automated activity tracked on Tue Aug 11 09:29:48 UTC 2026
Automated activity tracked on Wed Aug 12 09:39:35 UTC 2026
Automated activity tracked on Thu Aug 13 09:39:12 UTC 2026
Automated activity tracked on Fri Aug 14 09:34:07 UTC 2026
Automated activity tracked on Sat Aug 15 08:53:55 UTC 2026
Automated activity tracked on Sun Aug 16 08:55:46 UTC 2026
Automated activity tracked on Mon Aug 17 09:07:35 UTC 2026
Automated activity tracked on Tue Aug 18 09:01:48 UTC 2026
Automated activity tracked on Wed Aug 19 09:02:40 UTC 2026
Automated activity tracked on Thu Aug 20 09:03:51 UTC 2026
Automated activity tracked on Fri Aug 21 09:06:03 UTC 2026
Automated activity tracked on Sat Aug 22 08:56:06 UTC 2026
Automated activity tracked on Sun Aug 23 08:56:00 UTC 2026
Automated activity tracked on Mon Aug 24 09:12:01 UTC 2026
Automated activity tracked on Tue Aug 25 09:06:40 UTC 2026
Automated activity tracked on Wed Aug 26 09:10:10 UTC 2026
Automated activity tracked on Thu Aug 27 19:11:21 UTC 2026
Automated activity tracked on Fri Aug 28 20:17:36 UTC 2026
Automated activity tracked on Sat Aug 29 13:55:05 UTC 2026
Automated activity tracked on Sun Aug 30 13:53:31 UTC 2026
Automated activity tracked on Mon Aug 31 16:15:54 UTC 2026
Automated activity tracked on Tue Sep  1 13:36:05 UTC 2026
Automated activity tracked on Wed Sep  2 12:52:11 UTC 2026
Automated activity tracked on Thu Sep  3 12:55:23 UTC 2026
Automated activity tracked on Fri Sep  4 12:49:22 UTC 2026
Automated activity tracked on Sat Sep  5 11:54:21 UTC 2026
Automated activity tracked on Sun Sep  6 12:13:33 UTC 2026
Automated activity tracked on Mon Sep  7 14:21:09 UTC 2026
Automated activity tracked on Tue Sep  8 12:58:11 UTC 2026
